// Jest Snapshot v1, https://goo.gl/fbAQLP

exports[`Anime  1`] = `
<div
  className="content"
  id="anime"
>
  <div
    className="ui-row"
    id="anime-search"
  >
    <form
      acceptCharset="utf-8"
      id="anime-search-form"
      method="post"
      onSubmit={[Function]}
    >
      <input
        className="field"
        id="anime-search-bar"
        name="query"
        onBlur={[Function]}
        onChange={[Function]}
        placeholder="Search"
        type="search"
      />
      <button
        className="bt-blue-end"
        id="anime-search-bt"
        type="submit"
      >
        Search
      </button>
    </form>
  </div>
  <p
    id="msg-error"
  >
    Not found!
  </p>
  <h2
    id="anime-title"
  >
    Title
  </h2>
  <div
    id="anime-info"
  >
    <img
      alt="anime-banner"
      id="anime-banner"
    />
    <table
      id="anime-info-table"
    >
      <tbody>
        <tr>
          <td
            className="key"
          >
            Score:
          </td>
          <td
            className="value"
            id="score"
          />
        </tr>
        <tr>
          <td
            className="key"
          >
            Genres:
          </td>
          <td
            className="value"
            id="genres"
          />
        </tr>
        <tr>
          <td
            className="key"
            id="duration-key"
          >
            Duration:
          </td>
          <td
            className="value"
            id="duration"
          />
        </tr>
        <tr>
          <td
            className="key"
          >
            Media:
          </td>
          <td
            className="value"
            id="media-type"
          />
        </tr>
        <tr>
          <td
            className="key"
          >
            Episodes:
          </td>
          <td
            className="value"
            id="episodes"
          />
        </tr>
        <tr>
          <td
            className="key"
          >
            Rating:
          </td>
          <td
            className="value"
            id="rating"
          />
        </tr>
      </tbody>
    </table>
  </div>
  <div
    id="anime-description"
  />
</div>
`;
